// Jest Snapshot v1, https://goo.gl/fbAQLP

exports[`large schema 1`] = `
Array [
  Object {
    "code": "import { IQuery } from \\"[TEMPLATE-INTERFACES-PATH]\\";
import { Types } from \\"./types\\";

import { ExperienceRoot } from \\"./Experience\\";
import { HomeRoot } from \\"./Home\\";
import { ReservationRoot } from \\"./Reservation\\";
import { NeighbourhoodRoot } from \\"./Neighbourhood\\";
import { ExperiencesByCityRoot } from \\"./ExperiencesByCity\\";
import { ViewerRoot } from \\"./Viewer\\";
import { LocationRoot } from \\"./Location\\";

export interface QueryRoot {
  topExperiences: ExperienceRoot[];
  topHomes: HomeRoot[];
  homesInPriceRange: HomeRoot[];
  topReservations: ReservationRoot[];
  featuredDestinations: NeighbourhoodRoot[];
  experiencesByCity: ExperiencesByCityRoot[];
  viewer: ViewerRoot;
  myLocation: LocationRoot;
}

export const Query: IQuery.Resolver<Types> = {
  topExperiences: async root => null,
  topHomes: async root => null,
  homesInPriceRange: async (root, args) => null,
  topReservations: async root => null,
  featuredDestinations: async root => null,
  experiencesByCity: async (root, args) => null,
  viewer: async root => null,
  myLocation: async root => null
};
",
    "path": "Query.ts",
  },
  Object {
    "code": "import { IMutation } from \\"[TEMPLATE-INTERFACES-PATH]\\";
import { Types } from \\"./types\\";

import { AuthPayloadRoot } from \\"./AuthPayload\\";
import { MutationResultRoot } from \\"./MutationResult\\";

export interface MutationRoot {
  signup: AuthPayloadRoot;
  login: AuthPayloadRoot;
  addPaymentMethod: MutationResultRoot;
  book: MutationResultRoot;
}

export const Mutation: IMutation.Resolver<Types> = {
  signup: async (root, args) => null,
  login: async (root, args) => null,
  addPaymentMethod: async (root, args) => null,
  book: async (root, args) => null
};
",
    "path": "Mutation.ts",
  },
  Object {
    "code": "import { IViewer } from \\"[TEMPLATE-INTERFACES-PATH]\\";
import { Types } from \\"./types\\";

import { UserRoot } from \\"./User\\";
import { BookingRoot } from \\"./Booking\\";

export interface ViewerRoot {
  me: UserRoot;
  bookings: BookingRoot[];
}

export const Viewer: IViewer.Resolver<Types> = {
  me: async root => null,
  bookings: async root => null
};
",
    "path": "Viewer.ts",
  },
  Object {
    "code": "import { IAuthPayload } from \\"[TEMPLATE-INTERFACES-PATH]\\";
import { Types } from \\"./types\\";

import { UserRoot } from \\"./User\\";

export interface AuthPayloadRoot {
  token: string;
  user: UserRoot;
}

export const AuthPayload: IAuthPayload.Resolver<Types> = {
  token: async root => null,
  user: async root => null
};
",
    "path": "AuthPayload.ts",
  },
  Object {
    "code": "import { IMutationResult } from \\"[TEMPLATE-INTERFACES-PATH]\\";
import { Types } from \\"./types\\";

export interface MutationResultRoot {
  success: boolean;
}

export const MutationResult: IMutationResult.Resolver<Types> = {
  success: async root => null
};
",
    "path": "MutationResult.ts",
  },
  Object {
    "code": "import { IExperiencesByCity } from \\"[TEMPLATE-INTERFACES-PATH]\\";
import { Types } from \\"./types\\";

import { ExperienceRoot } from \\"./Experience\\";
import { CityRoot } from \\"./City\\";

export interface ExperiencesByCityRoot {
  experiences: ExperienceRoot[];
  city: CityRoot;
}

export const ExperiencesByCity: IExperiencesByCity.Resolver<Types> = {
  experiences: async root => null,
  city: async root => null
};
",
    "path": "ExperiencesByCity.ts",
  },
  Object {
    "code": "import { IHome } from \\"[TEMPLATE-INTERFACES-PATH]\\";
import { Types } from \\"./types\\";

import { PictureRoot } from \\"./Picture\\";

export interface HomeRoot {
  id: string;
  name: string;
  description: string;
  numRatings: number;
  avgRating: number;
  pictures: PictureRoot[];
  perNight: number;
}

export const Home: IHome.Resolver<Types> = {
  id: async root => null,
  name: async root => null,
  description: async root => null,
  numRatings: async root => null,
  avgRating: async root => null,
  pictures: async (root, args) => null,
  perNight: async root => null
};
",
    "path": "Home.ts",
  },
  Object {
    "code": "import { IReservation } from \\"[TEMPLATE-INTERFACES-PATH]\\";
import { Types } from \\"./types\\";

import { PictureRoot } from \\"./Picture\\";
import { LocationRoot } from \\"./Location\\";

export interface ReservationRoot {
  id: string;
  title: string;
  avgPricePerPerson: number;
  pictures: PictureRoot[];
  location: LocationRoot;
  isCurated: boolean;
  slug: string;
  popularity: number;
}

export const Reservation: IReservation.Resolver<Types> = {
  id: async root => null,
  title: async root => null,
  avgPricePerPerson: async root => null,
  pictures: async root => null,
  location: async root => null,
  isCurated: async root => null,
  slug: async root => null,
  popularity: async root => null
};
",
    "path": "Reservation.ts",
  },
  Object {
    "code": "import { IExperience } from \\"[TEMPLATE-INTERFACES-PATH]\\";
import { Types } from \\"./types\\";

import { ExperienceCategoryRoot } from \\"./ExperienceCategory\\";
import { LocationRoot } from \\"./Location\\";
import { ReviewRoot } from \\"./Review\\";
import { PictureRoot } from \\"./Picture\\";

export interface ExperienceRoot {
  id: string;
  category: ExperienceCategoryRoot;
  title: string;
  location: LocationRoot;
  pricePerPerson: number;
  reviews: ReviewRoot[];
  preview: PictureRoot;
  popularity: number;
}

export const Experience: IExperience.Resolver<Types> = {
  id: async root => null,
  category: async root => null,
  title: async root => null,
  location: async root => null,
  pricePerPerson: async root => null,
  reviews: async root => null,
  preview: async root => null,
  popularity: async root => null
};
",
    "path": "Experience.ts",
  },
  Object {
    "code": "import { IReview } from \\"[TEMPLATE-INTERFACES-PATH]\\";
import { Types } from \\"./types\\";

export interface ReviewRoot {
  accuracy: number;
  checkIn: number;
  cleanliness: number;
  communication: number;
  createdAt: string;
  id: string;
  location: number;
  stars: number;
  text: string;
  value: number;
}

export const Review: IReview.Resolver<Types> = {
  accuracy: async root => null,
  checkIn: async root => null,
  cleanliness: async root => null,
  communication: async root => null,
  createdAt: async root => null,
  id: async root => null,
  location: async root => null,
  stars: async root => null,
  text: async root => null,
  value: async root => null
};
",
    "path": "Review.ts",
  },
  Object {
    "code": "import { INeighbourhood } from \\"[TEMPLATE-INTERFACES-PATH]\\";
import { Types } from \\"./types\\";

import { PictureRoot } from \\"./Picture\\";
import { CityRoot } from \\"./City\\";

export interface NeighbourhoodRoot {
  id: string;
  name: string;
  slug: string;
  homePreview: PictureRoot;
  city: CityRoot;
  featured: boolean;
  popularity: number;
}

export const Neighbourhood: INeighbourhood.Resolver<Types> = {
  id: async root => null,
  name: async root => null,
  slug: async root => null,
  homePreview: async root => null,
  city: async root => null,
  featured: async root => null,
  popularity: async root => null
};
",
    "path": "Neighbourhood.ts",
  },
  Object {
    "code": "import { ILocation } from \\"[TEMPLATE-INTERFACES-PATH]\\";
import { Types } from \\"./types\\";

export interface LocationRoot {
  id: string;
  lat: number;
  lng: number;
  address: string;
  directions: string;
}

export const Location: ILocation.Resolver<Types> = {
  id: async root => null,
  lat: async root => null,
  lng: async root => null,
  address: async root => null,
  directions: async root => null
};
",
    "path": "Location.ts",
  },
  Object {
    "code": "import { IPicture } from \\"[TEMPLATE-INTERFACES-PATH]\\";
import { Types } from \\"./types\\";

export interface PictureRoot {
  id: string;
  url: string;
}

export const Picture: IPicture.Resolver<Types> = {
  id: async root => null,
  url: async root => null
};
",
    "path": "Picture.ts",
  },
  Object {
    "code": "import { ICity } from \\"[TEMPLATE-INTERFACES-PATH]\\";
import { Types } from \\"./types\\";

export interface CityRoot {
  id: string;
  name: string;
}

export const City: ICity.Resolver<Types> = {
  id: async root => null,
  name: async root => null
};
",
    "path": "City.ts",
  },
  Object {
    "code": "import { IExperienceCategory } from \\"[TEMPLATE-INTERFACES-PATH]\\";
import { Types } from \\"./types\\";

import { ExperienceRoot } from \\"./Experience\\";

export interface ExperienceCategoryRoot {
  id: string;
  mainColor: string;
  name: string;
  experience: ExperienceRoot;
}

export const ExperienceCategory: IExperienceCategory.Resolver<Types> = {
  id: async root => null,
  mainColor: async root => null,
  name: async root => null,
  experience: async root => null
};
",
    "path": "ExperienceCategory.ts",
  },
  Object {
    "code": "import { IUser } from \\"[TEMPLATE-INTERFACES-PATH]\\";
import { Types } from \\"./types\\";

import { BookingRoot } from \\"./Booking\\";
import { ExperienceRoot } from \\"./Experience\\";
import { LocationRoot } from \\"./Location\\";
import { NotificationRoot } from \\"./Notification\\";
import { PlaceRoot } from \\"./Place\\";
import { PaymentAccountRoot } from \\"./PaymentAccount\\";
import { PictureRoot } from \\"./Picture\\";
import { MessageRoot } from \\"./Message\\";

export interface UserRoot {
  bookings: BookingRoot[];
  createdAt: string;
  email: string;
  firstName: string;
  hostingExperiences: ExperienceRoot[];
  id: string;
  isSuperHost: boolean;
  lastName: string;
  location: LocationRoot;
  notifications: NotificationRoot[];
  ownedPlaces: PlaceRoot[];
  paymentAccount: PaymentAccountRoot[];
  phone: string;
  profilePicture: PictureRoot;
  receivedMessages: MessageRoot[];
  responseRate: number;
  responseTime: number;
  sentMessages: MessageRoot[];
  updatedAt: string;
  token: string;
}

export const User: IUser.Resolver<Types> = {
  bookings: async root => null,
  createdAt: async root => null,
  email: async root => null,
  firstName: async root => null,
  hostingExperiences: async root => null,
  id: async root => null,
  isSuperHost: async root => null,
  lastName: async root => null,
  location: async root => null,
  notifications: async root => null,
  ownedPlaces: async root => null,
  paymentAccount: async root => null,
  phone: async root => null,
  profilePicture: async root => null,
  receivedMessages: async root => null,
  responseRate: async root => null,
  responseTime: async root => null,
  sentMessages: async root => null,
  updatedAt: async root => null,
  token: async root => null
};
",
    "path": "User.ts",
  },
  Object {
    "code": "import { IPaymentAccount } from \\"[TEMPLATE-INTERFACES-PATH]\\";
import { Types } from \\"./types\\";

import { PAYMENT_PROVIDERRoot } from \\"./PAYMENT_PROVIDER\\";
import { UserRoot } from \\"./User\\";
import { PaymentRoot } from \\"./Payment\\";
import { PaypalInformationRoot } from \\"./PaypalInformation\\";
import { CreditCardInformationRoot } from \\"./CreditCardInformation\\";

export interface PaymentAccountRoot {
  id: string;
  createdAt: string;
  type: PAYMENT_PROVIDERRoot;
  user: UserRoot;
  payments: PaymentRoot[];
  paypal: PaypalInformationRoot;
  creditcard: CreditCardInformationRoot;
}

export const PaymentAccount: IPaymentAccount.Resolver<Types> = {
  id: async root => null,
  createdAt: async root => null,
  type: async root => null,
  user: async root => null,
  payments: async root => null,
  paypal: async root => null,
  creditcard: async root => null
};
",
    "path": "PaymentAccount.ts",
  },
  Object {
    "code": "import { IPlace } from \\"[TEMPLATE-INTERFACES-PATH]\\";
import { Types } from \\"./types\\";

import { PLACE_SIZESRoot } from \\"./PLACE_SIZES\\";
import { ReviewRoot } from \\"./Review\\";
import { AmenitiesRoot } from \\"./Amenities\\";
import { UserRoot } from \\"./User\\";
import { PricingRoot } from \\"./Pricing\\";
import { LocationRoot } from \\"./Location\\";
import { PlaceViewsRoot } from \\"./PlaceViews\\";
import { GuestRequirementsRoot } from \\"./GuestRequirements\\";
import { PoliciesRoot } from \\"./Policies\\";
import { HouseRulesRoot } from \\"./HouseRules\\";
import { BookingRoot } from \\"./Booking\\";
import { PictureRoot } from \\"./Picture\\";

export interface PlaceRoot {
  id: string;
  name: string;
  size: PLACE_SIZESRoot;
  shortDescription: string;
  description: string;
  slug: string;
  maxGuests: number;
  numBedrooms: number;
  numBeds: number;
  numBaths: number;
  reviews: ReviewRoot[];
  amenities: AmenitiesRoot;
  host: UserRoot;
  pricing: PricingRoot;
  location: LocationRoot;
  views: PlaceViewsRoot;
  guestRequirements: GuestRequirementsRoot;
  policies: PoliciesRoot;
  houseRules: HouseRulesRoot;
  bookings: BookingRoot[];
  pictures: PictureRoot[];
  popularity: number;
}

export const Place: IPlace.Resolver<Types> = {
  id: async root => null,
  name: async root => null,
  size: async root => null,
  shortDescription: async root => null,
  description: async root => null,
  slug: async root => null,
  maxGuests: async root => null,
  numBedrooms: async root => null,
  numBeds: async root => null,
  numBaths: async root => null,
  reviews: async root => null,
  amenities: async root => null,
  host: async root => null,
  pricing: async root => null,
  location: async root => null,
  views: async root => null,
  guestRequirements: async root => null,
  policies: async root => null,
  houseRules: async root => null,
  bookings: async root => null,
  pictures: async root => null,
  popularity: async root => null
};
",
    "path": "Place.ts",
  },
  Object {
    "code": "import { IBooking } from \\"[TEMPLATE-INTERFACES-PATH]\\";
import { Types } from \\"./types\\";

import { UserRoot } from \\"./User\\";
import { PlaceRoot } from \\"./Place\\";
import { PaymentRoot } from \\"./Payment\\";

export interface BookingRoot {
  id: string;
  createdAt: string;
  bookee: UserRoot;
  place: PlaceRoot;
  startDate: string;
  endDate: string;
  payment: PaymentRoot;
}

export const Booking: IBooking.Resolver<Types> = {
  id: async root => null,
  createdAt: async root => null,
  bookee: async root => null,
  place: async root => null,
  startDate: async root => null,
  endDate: async root => null,
  payment: async root => null
};
",
    "path": "Booking.ts",
  },
  Object {
    "code": "import { INotification } from \\"[TEMPLATE-INTERFACES-PATH]\\";
import { Types } from \\"./types\\";

import { NOTIFICATION_TYPERoot } from \\"./NOTIFICATION_TYPE\\";
import { UserRoot } from \\"./User\\";

export interface NotificationRoot {
  createdAt: string;
  id: string;
  link: string;
  readDate: string;
  type: NOTIFICATION_TYPERoot;
  user: UserRoot;
}

export const Notification: INotification.Resolver<Types> = {
  createdAt: async root => null,
  id: async root => null,
  link: async root => null,
  readDate: async root => null,
  type: async root => null,
  user: async root => null
};
",
    "path": "Notification.ts",
  },
  Object {
    "code": "import { IPayment } from \\"[TEMPLATE-INTERFACES-PATH]\\";
import { Types } from \\"./types\\";

import { BookingRoot } from \\"./Booking\\";
import { PaymentAccountRoot } from \\"./PaymentAccount\\";

export interface PaymentRoot {
  booking: BookingRoot;
  createdAt: string;
  id: string;
  paymentMethod: PaymentAccountRoot;
  serviceFee: number;
}

export const Payment: IPayment.Resolver<Types> = {
  booking: async root => null,
  createdAt: async root => null,
  id: async root => null,
  paymentMethod: async root => null,
  serviceFee: async root => null
};
",
    "path": "Payment.ts",
  },
  Object {
    "code": "import { IPaypalInformation } from \\"[TEMPLATE-INTERFACES-PATH]\\";
import { Types } from \\"./types\\";

import { PaymentAccountRoot } from \\"./PaymentAccount\\";

export interface PaypalInformationRoot {
  createdAt: string;
  email: string;
  id: string;
  paymentAccount: PaymentAccountRoot;
}

export const PaypalInformation: IPaypalInformation.Resolver<Types> = {
  createdAt: async root => null,
  email: async root => null,
  id: async root => null,
  paymentAccount: async root => null
};
",
    "path": "PaypalInformation.ts",
  },
  Object {
    "code": "import { ICreditCardInformation } from \\"[TEMPLATE-INTERFACES-PATH]\\";
import { Types } from \\"./types\\";

import { PaymentAccountRoot } from \\"./PaymentAccount\\";

export interface CreditCardInformationRoot {
  cardNumber: string;
  country: string;
  createdAt: string;
  expiresOnMonth: number;
  expiresOnYear: number;
  firstName: string;
  id: string;
  lastName: string;
  paymentAccount: PaymentAccountRoot;
  postalCode: string;
  securityCode: string;
}

export const CreditCardInformation: ICreditCardInformation.Resolver<Types> = {
  cardNumber: async root => null,
  country: async root => null,
  createdAt: async root => null,
  expiresOnMonth: async root => null,
  expiresOnYear: async root => null,
  firstName: async root => null,
  id: async root => null,
  lastName: async root => null,
  paymentAccount: async root => null,
  postalCode: async root => null,
  securityCode: async root => null
};
",
    "path": "CreditCardInformation.ts",
  },
  Object {
    "code": "import { IMessage } from \\"[TEMPLATE-INTERFACES-PATH]\\";
import { Types } from \\"./types\\";

export interface MessageRoot {
  createdAt: string;
  deliveredAt: string;
  id: string;
  readAt: string;
}

export const Message: IMessage.Resolver<Types> = {
  createdAt: async root => null,
  deliveredAt: async root => null,
  id: async root => null,
  readAt: async root => null
};
",
    "path": "Message.ts",
  },
  Object {
    "code": "import { IPricing } from \\"[TEMPLATE-INTERFACES-PATH]\\";
import { Types } from \\"./types\\";

import { CURRENCYRoot } from \\"./CURRENCY\\";

export interface PricingRoot {
  averageMonthly: number;
  averageWeekly: number;
  basePrice: number;
  cleaningFee: number;
  currency: CURRENCYRoot;
  extraGuests: number;
  id: string;
  monthlyDiscount: number;
  perNight: number;
  securityDeposit: number;
  smartPricing: boolean;
  weekendPricing: number;
  weeklyDiscount: number;
}

export const Pricing: IPricing.Resolver<Types> = {
  averageMonthly: async root => null,
  averageWeekly: async root => null,
  basePrice: async root => null,
  cleaningFee: async root => null,
  currency: async root => null,
  extraGuests: async root => null,
  id: async root => null,
  monthlyDiscount: async root => null,
  perNight: async root => null,
  securityDeposit: async root => null,
  smartPricing: async root => null,
  weekendPricing: async root => null,
  weeklyDiscount: async root => null
};
",
    "path": "Pricing.ts",
  },
  Object {
    "code": "import { IPlaceViews } from \\"[TEMPLATE-INTERFACES-PATH]\\";
import { Types } from \\"./types\\";

export interface PlaceViewsRoot {
  id: string;
  lastWeek: number;
}

export const PlaceViews: IPlaceViews.Resolver<Types> = {
  id: async root => null,
  lastWeek: async root => null
};
",
    "path": "PlaceViews.ts",
  },
  Object {
    "code": "import { IGuestRequirements } from \\"[TEMPLATE-INTERFACES-PATH]\\";
import { Types } from \\"./types\\";

export interface GuestRequirementsRoot {
  govIssuedId: boolean;
  guestTripInformation: boolean;
  id: string;
  recommendationsFromOtherHosts: boolean;
}

export const GuestRequirements: IGuestRequirements.Resolver<Types> = {
  govIssuedId: async root => null,
  guestTripInformation: async root => null,
  id: async root => null,
  recommendationsFromOtherHosts: async root => null
};
",
    "path": "GuestRequirements.ts",
  },
  Object {
    "code": "import { IPolicies } from \\"[TEMPLATE-INTERFACES-PATH]\\";
import { Types } from \\"./types\\";

export interface PoliciesRoot {
  checkInEndTime: number;
  checkInStartTime: number;
  checkoutTime: number;
  createdAt: string;
  id: string;
  updatedAt: string;
}

export const Policies: IPolicies.Resolver<Types> = {
  checkInEndTime: async root => null,
  checkInStartTime: async root => null,
  checkoutTime: async root => null,
  createdAt: async root => null,
  id: async root => null,
  updatedAt: async root => null
};
",
    "path": "Policies.ts",
  },
  Object {
    "code": "import { IHouseRules } from \\"[TEMPLATE-INTERFACES-PATH]\\";
import { Types } from \\"./types\\";

export interface HouseRulesRoot {
  additionalRules: string;
  createdAt: string;
  id: string;
  partiesAndEventsAllowed: boolean;
  petsAllowed: boolean;
  smokingAllowed: boolean;
  suitableForChildren: boolean;
  suitableForInfants: boolean;
  updatedAt: string;
}

export const HouseRules: IHouseRules.Resolver<Types> = {
  additionalRules: async root => null,
  createdAt: async root => null,
  id: async root => null,
  partiesAndEventsAllowed: async root => null,
  petsAllowed: async root => null,
  smokingAllowed: async root => null,
  suitableForChildren: async root => null,
  suitableForInfants: async root => null,
  updatedAt: async root => null
};
",
    "path": "HouseRules.ts",
  },
  Object {
    "code": "import { IAmenities } from \\"[TEMPLATE-INTERFACES-PATH]\\";
import { Types } from \\"./types\\";

export interface AmenitiesRoot {
  airConditioning: boolean;
  babyBath: boolean;
  babyMonitor: boolean;
  babysitterRecommendations: boolean;
  bathtub: boolean;
  breakfast: boolean;
  buzzerWirelessIntercom: boolean;
  cableTv: boolean;
  changingTable: boolean;
  childrensBooksAndToys: boolean;
  childrensDinnerware: boolean;
  crib: boolean;
  doorman: boolean;
  dryer: boolean;
  elevator: boolean;
  essentials: boolean;
  familyKidFriendly: boolean;
  freeParkingOnPremises: boolean;
  freeParkingOnStreet: boolean;
  gym: boolean;
  hairDryer: boolean;
  hangers: boolean;
  heating: boolean;
  hotTub: boolean;
  id: string;
  indoorFireplace: boolean;
  internet: boolean;
  iron: boolean;
  kitchen: boolean;
  laptopFriendlyWorkspace: boolean;
  paidParkingOffPremises: boolean;
  petsAllowed: boolean;
  pool: boolean;
  privateEntrance: boolean;
  shampoo: boolean;
  smokingAllowed: boolean;
  suitableForEvents: boolean;
  tv: boolean;
  washer: boolean;
  wheelchairAccessible: boolean;
  wirelessInternet: boolean;
}

export const Amenities: IAmenities.Resolver<Types> = {
  airConditioning: async root => null,
  babyBath: async root => null,
  babyMonitor: async root => null,
  babysitterRecommendations: async root => null,
  bathtub: async root => null,
  breakfast: async root => null,
  buzzerWirelessIntercom: async root => null,
  cableTv: async root => null,
  changingTable: async root => null,
  childrensBooksAndToys: async root => null,
  childrensDinnerware: async root => null,
  crib: async root => null,
  doorman: async root => null,
  dryer: async root => null,
  elevator: async root => null,
  essentials: async root => null,
  familyKidFriendly: async root => null,
  freeParkingOnPremises: async root => null,
  freeParkingOnStreet: async root => null,
  gym: async root => null,
  hairDryer: async root => null,
  hangers: async root => null,
  heating: async root => null,
  hotTub: async root => null,
  id: async root => null,
  indoorFireplace: async root => null,
  internet: async root => null,
  iron: async root => null,
  kitchen: async root => null,
  laptopFriendlyWorkspace: async root => null,
  paidParkingOffPremises: async root => null,
  petsAllowed: async root => null,
  pool: async root => null,
  privateEntrance: async root => null,
  shampoo: async root => null,
  smokingAllowed: async root => null,
  suitableForEvents: async root => null,
  tv: async root => null,
  washer: async root => null,
  wheelchairAccessible: async root => null,
  wirelessInternet: async root => null
};
",
    "path": "Amenities.ts",
  },
  Object {
    "code": "import { ITypes } from \\"[TEMPLATE-INTERFACES-PATH]\\";

import { QueryRoot } from \\"./Query\\";

import { MutationRoot } from \\"./Mutation\\";

import { ViewerRoot } from \\"./Viewer\\";

import { AuthPayloadRoot } from \\"./AuthPayload\\";

import { MutationResultRoot } from \\"./MutationResult\\";

import { ExperiencesByCityRoot } from \\"./ExperiencesByCity\\";

import { HomeRoot } from \\"./Home\\";

import { ReservationRoot } from \\"./Reservation\\";

import { ExperienceRoot } from \\"./Experience\\";

import { ReviewRoot } from \\"./Review\\";

import { NeighbourhoodRoot } from \\"./Neighbourhood\\";

import { LocationRoot } from \\"./Location\\";

import { PictureRoot } from \\"./Picture\\";

import { CityRoot } from \\"./City\\";

import { ExperienceCategoryRoot } from \\"./ExperienceCategory\\";

import { UserRoot } from \\"./User\\";

import { PaymentAccountRoot } from \\"./PaymentAccount\\";

import { PlaceRoot } from \\"./Place\\";

import { BookingRoot } from \\"./Booking\\";

import { NotificationRoot } from \\"./Notification\\";

import { PaymentRoot } from \\"./Payment\\";

import { PaypalInformationRoot } from \\"./PaypalInformation\\";

import { CreditCardInformationRoot } from \\"./CreditCardInformation\\";

import { MessageRoot } from \\"./Message\\";

import { PricingRoot } from \\"./Pricing\\";

import { PlaceViewsRoot } from \\"./PlaceViews\\";

import { GuestRequirementsRoot } from \\"./GuestRequirements\\";

import { PoliciesRoot } from \\"./Policies\\";

import { HouseRulesRoot } from \\"./HouseRules\\";

import { AmenitiesRoot } from \\"./Amenities\\";

export interface Context {
  db: any;
  request: any;
}

export interface Types extends ITypes {
  Context: Context;

  QueryRoot: QueryRoot;

  MutationRoot: MutationRoot;

  ViewerRoot: ViewerRoot;

  AuthPayloadRoot: AuthPayloadRoot;

  MutationResultRoot: MutationResultRoot;

  ExperiencesByCityRoot: ExperiencesByCityRoot;

  HomeRoot: HomeRoot;

  ReservationRoot: ReservationRoot;

  ExperienceRoot: ExperienceRoot;

  ReviewRoot: ReviewRoot;

  NeighbourhoodRoot: NeighbourhoodRoot;

  LocationRoot: LocationRoot;

  PictureRoot: PictureRoot;

  CityRoot: CityRoot;

  ExperienceCategoryRoot: ExperienceCategoryRoot;

  UserRoot: UserRoot;

  PaymentAccountRoot: PaymentAccountRoot;

  PlaceRoot: PlaceRoot;

  BookingRoot: BookingRoot;

  NotificationRoot: NotificationRoot;

  PaymentRoot: PaymentRoot;

  PaypalInformationRoot: PaypalInformationRoot;

  CreditCardInformationRoot: CreditCardInformationRoot;

  MessageRoot: MessageRoot;

  PricingRoot: PricingRoot;

  PlaceViewsRoot: PlaceViewsRoot;

  GuestRequirementsRoot: GuestRequirementsRoot;

  PoliciesRoot: PoliciesRoot;

  HouseRulesRoot: HouseRulesRoot;

  AmenitiesRoot: AmenitiesRoot;
}
",
    "path": "types.ts",
  },
]
`;
