// Jest Snapshot v1, https://goo.gl/fbAQLP

exports[`large schema 1`] = `
Array [
  Object {
    "code": "import { IViewer } from \\"[TEMPLATE-INTERFACES-PATH]\\";
import { Types } from \\"./types\\";
import { UserRoot } from \\"./User\\";
import { BookingRoot } from \\"./Booking\\";

export interface ViewerRoot {
  me: UserRoot;
  bookings: BookingRoot[];
}

export const Viewer: IViewer.Resolver<Types> = {
  me: root => root.me,
  bookings: root => root.bookings
};
",
    "force": false,
    "path": "Viewer.ts",
  },
  Object {
    "code": "import { IAuthPayload } from \\"[TEMPLATE-INTERFACES-PATH]\\";
import { Types } from \\"./types\\";
import { UserRoot } from \\"./User\\";

export interface AuthPayloadRoot {
  token: string;
  user: UserRoot;
}

export const AuthPayload: IAuthPayload.Resolver<Types> = {
  token: root => root.token,
  user: root => root.user
};
",
    "force": false,
    "path": "AuthPayload.ts",
  },
  Object {
    "code": "import { IMutationResult } from \\"[TEMPLATE-INTERFACES-PATH]\\";
import { Types } from \\"./types\\";

export interface MutationResultRoot {
  success: boolean;
}

export const MutationResult: IMutationResult.Resolver<Types> = {
  success: root => root.success
};
",
    "force": false,
    "path": "MutationResult.ts",
  },
  Object {
    "code": "import { IExperiencesByCity } from \\"[TEMPLATE-INTERFACES-PATH]\\";
import { Types } from \\"./types\\";
import { ExperienceRoot } from \\"./Experience\\";
import { CityRoot } from \\"./City\\";

export interface ExperiencesByCityRoot {
  experiences: ExperienceRoot[];
  city: CityRoot;
}

export const ExperiencesByCity: IExperiencesByCity.Resolver<Types> = {
  experiences: root => root.experiences,
  city: root => root.city
};
",
    "force": false,
    "path": "ExperiencesByCity.ts",
  },
  Object {
    "code": "import { IHome } from \\"[TEMPLATE-INTERFACES-PATH]\\";
import { Types } from \\"./types\\";
import { PictureRoot } from \\"./Picture\\";

export interface HomeRoot {
  id: string;
  name: string | null;
  description: string;
  numRatings: number;
  avgRating: number | null;
  pictures: PictureRoot[];
  perNight: number;
}

export const Home: IHome.Resolver<Types> = {
  id: root => root.id,
  name: root => root.name,
  description: root => root.description,
  numRatings: root => root.numRatings,
  avgRating: root => root.avgRating,
  pictures: (root, args) => root.pictures,
  perNight: root => root.perNight
};
",
    "force": false,
    "path": "Home.ts",
  },
  Object {
    "code": "import { IReservation } from \\"[TEMPLATE-INTERFACES-PATH]\\";
import { Types } from \\"./types\\";
import { PictureRoot } from \\"./Picture\\";
import { LocationRoot } from \\"./Location\\";

export interface ReservationRoot {
  id: string;
  title: string;
  avgPricePerPerson: number;
  pictures: PictureRoot[];
  location: LocationRoot;
  isCurated: boolean;
  slug: string;
  popularity: number;
}

export const Reservation: IReservation.Resolver<Types> = {
  id: root => root.id,
  title: root => root.title,
  avgPricePerPerson: root => root.avgPricePerPerson,
  pictures: root => root.pictures,
  location: root => root.location,
  isCurated: root => root.isCurated,
  slug: root => root.slug,
  popularity: root => root.popularity
};
",
    "force": false,
    "path": "Reservation.ts",
  },
  Object {
    "code": "import { IExperience } from \\"[TEMPLATE-INTERFACES-PATH]\\";
import { Types } from \\"./types\\";
import { ExperienceCategoryRoot } from \\"./ExperienceCategory\\";
import { LocationRoot } from \\"./Location\\";
import { ReviewRoot } from \\"./Review\\";
import { PictureRoot } from \\"./Picture\\";

export interface ExperienceRoot {
  id: string;
  category: ExperienceCategoryRoot | null;
  title: string;
  location: LocationRoot;
  pricePerPerson: number;
  reviews: ReviewRoot[];
  preview: PictureRoot;
  popularity: number;
}

export const Experience: IExperience.Resolver<Types> = {
  id: root => root.id,
  category: root => root.category,
  title: root => root.title,
  location: root => root.location,
  pricePerPerson: root => root.pricePerPerson,
  reviews: root => root.reviews,
  preview: root => root.preview,
  popularity: root => root.popularity
};
",
    "force": false,
    "path": "Experience.ts",
  },
  Object {
    "code": "import { IReview } from \\"[TEMPLATE-INTERFACES-PATH]\\";
import { Types } from \\"./types\\";
import { DateTimeRoot } from \\"./DateTime\\";

export interface ReviewRoot {
  accuracy: number;
  checkIn: number;
  cleanliness: number;
  communication: number;
  createdAt: DateTimeRoot;
  id: string;
  location: number;
  stars: number;
  text: string;
  value: number;
}

export const Review: IReview.Resolver<Types> = {
  accuracy: root => root.accuracy,
  checkIn: root => root.checkIn,
  cleanliness: root => root.cleanliness,
  communication: root => root.communication,
  createdAt: root => root.createdAt,
  id: root => root.id,
  location: root => root.location,
  stars: root => root.stars,
  text: root => root.text,
  value: root => root.value
};
",
    "force": false,
    "path": "Review.ts",
  },
  Object {
    "code": "import { INeighbourhood } from \\"[TEMPLATE-INTERFACES-PATH]\\";
import { Types } from \\"./types\\";
import { PictureRoot } from \\"./Picture\\";
import { CityRoot } from \\"./City\\";

export interface NeighbourhoodRoot {
  id: string;
  name: string;
  slug: string;
  homePreview: PictureRoot | null;
  city: CityRoot;
  featured: boolean;
  popularity: number;
}

export const Neighbourhood: INeighbourhood.Resolver<Types> = {
  id: root => root.id,
  name: root => root.name,
  slug: root => root.slug,
  homePreview: root => root.homePreview,
  city: root => root.city,
  featured: root => root.featured,
  popularity: root => root.popularity
};
",
    "force": false,
    "path": "Neighbourhood.ts",
  },
  Object {
    "code": "import { ILocation } from \\"[TEMPLATE-INTERFACES-PATH]\\";
import { Types } from \\"./types\\";

export interface LocationRoot {
  id: string;
  lat: number;
  lng: number;
  address: string | null;
  directions: string | null;
}

export const Location: ILocation.Resolver<Types> = {
  id: root => root.id,
  lat: root => root.lat,
  lng: root => root.lng,
  address: root => root.address,
  directions: root => root.directions
};
",
    "force": false,
    "path": "Location.ts",
  },
  Object {
    "code": "import { IPicture } from \\"[TEMPLATE-INTERFACES-PATH]\\";
import { Types } from \\"./types\\";

export interface PictureRoot {
  id: string;
  url: string;
}

export const Picture: IPicture.Resolver<Types> = {
  id: root => root.id,
  url: root => root.url
};
",
    "force": false,
    "path": "Picture.ts",
  },
  Object {
    "code": "import { ICity } from \\"[TEMPLATE-INTERFACES-PATH]\\";
import { Types } from \\"./types\\";

export interface CityRoot {
  id: string;
  name: string;
}

export const City: ICity.Resolver<Types> = {
  id: root => root.id,
  name: root => root.name
};
",
    "force": false,
    "path": "City.ts",
  },
  Object {
    "code": "import { IExperienceCategory } from \\"[TEMPLATE-INTERFACES-PATH]\\";
import { Types } from \\"./types\\";
import { ExperienceRoot } from \\"./Experience\\";

export interface ExperienceCategoryRoot {
  id: string;
  mainColor: string;
  name: string;
  experience: ExperienceRoot | null;
}

export const ExperienceCategory: IExperienceCategory.Resolver<Types> = {
  id: root => root.id,
  mainColor: root => root.mainColor,
  name: root => root.name,
  experience: root => root.experience
};
",
    "force": false,
    "path": "ExperienceCategory.ts",
  },
  Object {
    "code": "import { IUser } from \\"[TEMPLATE-INTERFACES-PATH]\\";
import { Types } from \\"./types\\";
import { BookingRoot } from \\"./Booking\\";
import { DateTimeRoot } from \\"./DateTime\\";
import { ExperienceRoot } from \\"./Experience\\";
import { LocationRoot } from \\"./Location\\";
import { NotificationRoot } from \\"./Notification\\";
import { PlaceRoot } from \\"./Place\\";
import { PaymentAccountRoot } from \\"./PaymentAccount\\";
import { PictureRoot } from \\"./Picture\\";
import { MessageRoot } from \\"./Message\\";

export interface UserRoot {
  bookings: BookingRoot[];
  createdAt: DateTimeRoot;
  email: string;
  firstName: string;
  hostingExperiences: ExperienceRoot[];
  id: string;
  isSuperHost: boolean;
  lastName: string;
  location: LocationRoot;
  notifications: NotificationRoot[];
  ownedPlaces: PlaceRoot[];
  paymentAccount: PaymentAccountRoot[];
  phone: string;
  profilePicture: PictureRoot | null;
  receivedMessages: MessageRoot[];
  responseRate: number | null;
  responseTime: number | null;
  sentMessages: MessageRoot[];
  updatedAt: DateTimeRoot;
  token: string;
}

export const User: IUser.Resolver<Types> = {
  bookings: root => root.bookings,
  createdAt: root => root.createdAt,
  email: root => root.email,
  firstName: root => root.firstName,
  hostingExperiences: root => root.hostingExperiences,
  id: root => root.id,
  isSuperHost: root => root.isSuperHost,
  lastName: root => root.lastName,
  location: root => root.location,
  notifications: root => root.notifications,
  ownedPlaces: root => root.ownedPlaces,
  paymentAccount: root => root.paymentAccount,
  phone: root => root.phone,
  profilePicture: root => root.profilePicture,
  receivedMessages: root => root.receivedMessages,
  responseRate: root => root.responseRate,
  responseTime: root => root.responseTime,
  sentMessages: root => root.sentMessages,
  updatedAt: root => root.updatedAt,
  token: root => root.token
};
",
    "force": false,
    "path": "User.ts",
  },
  Object {
    "code": "import { IPaymentAccount } from \\"[TEMPLATE-INTERFACES-PATH]\\";
import { Types } from \\"./types\\";
import { DateTimeRoot } from \\"./DateTime\\";
import { PAYMENT_PROVIDERRoot } from \\"./PAYMENT_PROVIDER\\";
import { UserRoot } from \\"./User\\";
import { PaymentRoot } from \\"./Payment\\";
import { PaypalInformationRoot } from \\"./PaypalInformation\\";
import { CreditCardInformationRoot } from \\"./CreditCardInformation\\";

export interface PaymentAccountRoot {
  id: string;
  createdAt: DateTimeRoot;
  type: PAYMENT_PROVIDERRoot | null;
  user: UserRoot;
  payments: PaymentRoot[];
  paypal: PaypalInformationRoot | null;
  creditcard: CreditCardInformationRoot | null;
}

export const PaymentAccount: IPaymentAccount.Resolver<Types> = {
  id: root => root.id,
  createdAt: root => root.createdAt,
  type: root => root.type,
  user: root => root.user,
  payments: root => root.payments,
  paypal: root => root.paypal,
  creditcard: root => root.creditcard
};
",
    "force": false,
    "path": "PaymentAccount.ts",
  },
  Object {
    "code": "import { IPlace } from \\"[TEMPLATE-INTERFACES-PATH]\\";
import { Types } from \\"./types\\";
import { PLACE_SIZESRoot } from \\"./PLACE_SIZES\\";
import { ReviewRoot } from \\"./Review\\";
import { AmenitiesRoot } from \\"./Amenities\\";
import { UserRoot } from \\"./User\\";
import { PricingRoot } from \\"./Pricing\\";
import { LocationRoot } from \\"./Location\\";
import { PlaceViewsRoot } from \\"./PlaceViews\\";
import { GuestRequirementsRoot } from \\"./GuestRequirements\\";
import { PoliciesRoot } from \\"./Policies\\";
import { HouseRulesRoot } from \\"./HouseRules\\";
import { BookingRoot } from \\"./Booking\\";
import { PictureRoot } from \\"./Picture\\";

export interface PlaceRoot {
  id: string;
  name: string | null;
  size: PLACE_SIZESRoot | null;
  shortDescription: string;
  description: string;
  slug: string;
  maxGuests: number;
  numBedrooms: number;
  numBeds: number;
  numBaths: number;
  reviews: ReviewRoot[];
  amenities: AmenitiesRoot;
  host: UserRoot;
  pricing: PricingRoot;
  location: LocationRoot;
  views: PlaceViewsRoot;
  guestRequirements: GuestRequirementsRoot | null;
  policies: PoliciesRoot | null;
  houseRules: HouseRulesRoot | null;
  bookings: BookingRoot[];
  pictures: PictureRoot[];
  popularity: number;
}

export const Place: IPlace.Resolver<Types> = {
  id: root => root.id,
  name: root => root.name,
  size: root => root.size,
  shortDescription: root => root.shortDescription,
  description: root => root.description,
  slug: root => root.slug,
  maxGuests: root => root.maxGuests,
  numBedrooms: root => root.numBedrooms,
  numBeds: root => root.numBeds,
  numBaths: root => root.numBaths,
  reviews: root => root.reviews,
  amenities: root => root.amenities,
  host: root => root.host,
  pricing: root => root.pricing,
  location: root => root.location,
  views: root => root.views,
  guestRequirements: root => root.guestRequirements,
  policies: root => root.policies,
  houseRules: root => root.houseRules,
  bookings: root => root.bookings,
  pictures: root => root.pictures,
  popularity: root => root.popularity
};
",
    "force": false,
    "path": "Place.ts",
  },
  Object {
    "code": "import { IBooking } from \\"[TEMPLATE-INTERFACES-PATH]\\";
import { Types } from \\"./types\\";
import { DateTimeRoot } from \\"./DateTime\\";
import { UserRoot } from \\"./User\\";
import { PlaceRoot } from \\"./Place\\";
import { PaymentRoot } from \\"./Payment\\";

export interface BookingRoot {
  id: string;
  createdAt: DateTimeRoot;
  bookee: UserRoot;
  place: PlaceRoot;
  startDate: DateTimeRoot;
  endDate: DateTimeRoot;
  payment: PaymentRoot;
}

export const Booking: IBooking.Resolver<Types> = {
  id: root => root.id,
  createdAt: root => root.createdAt,
  bookee: root => root.bookee,
  place: root => root.place,
  startDate: root => root.startDate,
  endDate: root => root.endDate,
  payment: root => root.payment
};
",
    "force": false,
    "path": "Booking.ts",
  },
  Object {
    "code": "import { INotification } from \\"[TEMPLATE-INTERFACES-PATH]\\";
import { Types } from \\"./types\\";
import { DateTimeRoot } from \\"./DateTime\\";
import { NOTIFICATION_TYPERoot } from \\"./NOTIFICATION_TYPE\\";
import { UserRoot } from \\"./User\\";

export interface NotificationRoot {
  createdAt: DateTimeRoot;
  id: string;
  link: string;
  readDate: DateTimeRoot;
  type: NOTIFICATION_TYPERoot | null;
  user: UserRoot;
}

export const Notification: INotification.Resolver<Types> = {
  createdAt: root => root.createdAt,
  id: root => root.id,
  link: root => root.link,
  readDate: root => root.readDate,
  type: root => root.type,
  user: root => root.user
};
",
    "force": false,
    "path": "Notification.ts",
  },
  Object {
    "code": "import { IPayment } from \\"[TEMPLATE-INTERFACES-PATH]\\";
import { Types } from \\"./types\\";
import { BookingRoot } from \\"./Booking\\";
import { DateTimeRoot } from \\"./DateTime\\";
import { PaymentAccountRoot } from \\"./PaymentAccount\\";

export interface PaymentRoot {
  booking: BookingRoot;
  createdAt: DateTimeRoot;
  id: string;
  paymentMethod: PaymentAccountRoot;
  serviceFee: number;
}

export const Payment: IPayment.Resolver<Types> = {
  booking: root => root.booking,
  createdAt: root => root.createdAt,
  id: root => root.id,
  paymentMethod: root => root.paymentMethod,
  serviceFee: root => root.serviceFee
};
",
    "force": false,
    "path": "Payment.ts",
  },
  Object {
    "code": "import { IPaypalInformation } from \\"[TEMPLATE-INTERFACES-PATH]\\";
import { Types } from \\"./types\\";
import { DateTimeRoot } from \\"./DateTime\\";
import { PaymentAccountRoot } from \\"./PaymentAccount\\";

export interface PaypalInformationRoot {
  createdAt: DateTimeRoot;
  email: string;
  id: string;
  paymentAccount: PaymentAccountRoot;
}

export const PaypalInformation: IPaypalInformation.Resolver<Types> = {
  createdAt: root => root.createdAt,
  email: root => root.email,
  id: root => root.id,
  paymentAccount: root => root.paymentAccount
};
",
    "force": false,
    "path": "PaypalInformation.ts",
  },
  Object {
    "code": "import { ICreditCardInformation } from \\"[TEMPLATE-INTERFACES-PATH]\\";
import { Types } from \\"./types\\";
import { DateTimeRoot } from \\"./DateTime\\";
import { PaymentAccountRoot } from \\"./PaymentAccount\\";

export interface CreditCardInformationRoot {
  cardNumber: string;
  country: string;
  createdAt: DateTimeRoot;
  expiresOnMonth: number;
  expiresOnYear: number;
  firstName: string;
  id: string;
  lastName: string;
  paymentAccount: PaymentAccountRoot | null;
  postalCode: string;
  securityCode: string;
}

export const CreditCardInformation: ICreditCardInformation.Resolver<Types> = {
  cardNumber: root => root.cardNumber,
  country: root => root.country,
  createdAt: root => root.createdAt,
  expiresOnMonth: root => root.expiresOnMonth,
  expiresOnYear: root => root.expiresOnYear,
  firstName: root => root.firstName,
  id: root => root.id,
  lastName: root => root.lastName,
  paymentAccount: root => root.paymentAccount,
  postalCode: root => root.postalCode,
  securityCode: root => root.securityCode
};
",
    "force": false,
    "path": "CreditCardInformation.ts",
  },
  Object {
    "code": "import { IMessage } from \\"[TEMPLATE-INTERFACES-PATH]\\";
import { Types } from \\"./types\\";
import { DateTimeRoot } from \\"./DateTime\\";

export interface MessageRoot {
  createdAt: DateTimeRoot;
  deliveredAt: DateTimeRoot;
  id: string;
  readAt: DateTimeRoot;
}

export const Message: IMessage.Resolver<Types> = {
  createdAt: root => root.createdAt,
  deliveredAt: root => root.deliveredAt,
  id: root => root.id,
  readAt: root => root.readAt
};
",
    "force": false,
    "path": "Message.ts",
  },
  Object {
    "code": "import { IPricing } from \\"[TEMPLATE-INTERFACES-PATH]\\";
import { Types } from \\"./types\\";
import { CURRENCYRoot } from \\"./CURRENCY\\";

export interface PricingRoot {
  averageMonthly: number;
  averageWeekly: number;
  basePrice: number;
  cleaningFee: number | null;
  currency: CURRENCYRoot | null;
  extraGuests: number | null;
  id: string;
  monthlyDiscount: number | null;
  perNight: number;
  securityDeposit: number | null;
  smartPricing: boolean;
  weekendPricing: number | null;
  weeklyDiscount: number | null;
}

export const Pricing: IPricing.Resolver<Types> = {
  averageMonthly: root => root.averageMonthly,
  averageWeekly: root => root.averageWeekly,
  basePrice: root => root.basePrice,
  cleaningFee: root => root.cleaningFee,
  currency: root => root.currency,
  extraGuests: root => root.extraGuests,
  id: root => root.id,
  monthlyDiscount: root => root.monthlyDiscount,
  perNight: root => root.perNight,
  securityDeposit: root => root.securityDeposit,
  smartPricing: root => root.smartPricing,
  weekendPricing: root => root.weekendPricing,
  weeklyDiscount: root => root.weeklyDiscount
};
",
    "force": false,
    "path": "Pricing.ts",
  },
  Object {
    "code": "import { IPlaceViews } from \\"[TEMPLATE-INTERFACES-PATH]\\";
import { Types } from \\"./types\\";

export interface PlaceViewsRoot {
  id: string;
  lastWeek: number;
}

export const PlaceViews: IPlaceViews.Resolver<Types> = {
  id: root => root.id,
  lastWeek: root => root.lastWeek
};
",
    "force": false,
    "path": "PlaceViews.ts",
  },
  Object {
    "code": "import { IGuestRequirements } from \\"[TEMPLATE-INTERFACES-PATH]\\";
import { Types } from \\"./types\\";

export interface GuestRequirementsRoot {
  govIssuedId: boolean;
  guestTripInformation: boolean;
  id: string;
  recommendationsFromOtherHosts: boolean;
}

export const GuestRequirements: IGuestRequirements.Resolver<Types> = {
  govIssuedId: root => root.govIssuedId,
  guestTripInformation: root => root.guestTripInformation,
  id: root => root.id,
  recommendationsFromOtherHosts: root => root.recommendationsFromOtherHosts
};
",
    "force": false,
    "path": "GuestRequirements.ts",
  },
  Object {
    "code": "import { IPolicies } from \\"[TEMPLATE-INTERFACES-PATH]\\";
import { Types } from \\"./types\\";
import { DateTimeRoot } from \\"./DateTime\\";

export interface PoliciesRoot {
  checkInEndTime: number;
  checkInStartTime: number;
  checkoutTime: number;
  createdAt: DateTimeRoot;
  id: string;
  updatedAt: DateTimeRoot;
}

export const Policies: IPolicies.Resolver<Types> = {
  checkInEndTime: root => root.checkInEndTime,
  checkInStartTime: root => root.checkInStartTime,
  checkoutTime: root => root.checkoutTime,
  createdAt: root => root.createdAt,
  id: root => root.id,
  updatedAt: root => root.updatedAt
};
",
    "force": false,
    "path": "Policies.ts",
  },
  Object {
    "code": "import { IHouseRules } from \\"[TEMPLATE-INTERFACES-PATH]\\";
import { Types } from \\"./types\\";
import { DateTimeRoot } from \\"./DateTime\\";

export interface HouseRulesRoot {
  additionalRules: string | null;
  createdAt: DateTimeRoot;
  id: string;
  partiesAndEventsAllowed: boolean | null;
  petsAllowed: boolean | null;
  smokingAllowed: boolean | null;
  suitableForChildren: boolean | null;
  suitableForInfants: boolean | null;
  updatedAt: DateTimeRoot;
}

export const HouseRules: IHouseRules.Resolver<Types> = {
  additionalRules: root => root.additionalRules,
  createdAt: root => root.createdAt,
  id: root => root.id,
  partiesAndEventsAllowed: root => root.partiesAndEventsAllowed,
  petsAllowed: root => root.petsAllowed,
  smokingAllowed: root => root.smokingAllowed,
  suitableForChildren: root => root.suitableForChildren,
  suitableForInfants: root => root.suitableForInfants,
  updatedAt: root => root.updatedAt
};
",
    "force": false,
    "path": "HouseRules.ts",
  },
  Object {
    "code": "import { IAmenities } from \\"[TEMPLATE-INTERFACES-PATH]\\";
import { Types } from \\"./types\\";

export interface AmenitiesRoot {
  airConditioning: boolean;
  babyBath: boolean;
  babyMonitor: boolean;
  babysitterRecommendations: boolean;
  bathtub: boolean;
  breakfast: boolean;
  buzzerWirelessIntercom: boolean;
  cableTv: boolean;
  changingTable: boolean;
  childrensBooksAndToys: boolean;
  childrensDinnerware: boolean;
  crib: boolean;
  doorman: boolean;
  dryer: boolean;
  elevator: boolean;
  essentials: boolean;
  familyKidFriendly: boolean;
  freeParkingOnPremises: boolean;
  freeParkingOnStreet: boolean;
  gym: boolean;
  hairDryer: boolean;
  hangers: boolean;
  heating: boolean;
  hotTub: boolean;
  id: string;
  indoorFireplace: boolean;
  internet: boolean;
  iron: boolean;
  kitchen: boolean;
  laptopFriendlyWorkspace: boolean;
  paidParkingOffPremises: boolean;
  petsAllowed: boolean;
  pool: boolean;
  privateEntrance: boolean;
  shampoo: boolean;
  smokingAllowed: boolean;
  suitableForEvents: boolean;
  tv: boolean;
  washer: boolean;
  wheelchairAccessible: boolean;
  wirelessInternet: boolean;
}

export const Amenities: IAmenities.Resolver<Types> = {
  airConditioning: root => root.airConditioning,
  babyBath: root => root.babyBath,
  babyMonitor: root => root.babyMonitor,
  babysitterRecommendations: root => root.babysitterRecommendations,
  bathtub: root => root.bathtub,
  breakfast: root => root.breakfast,
  buzzerWirelessIntercom: root => root.buzzerWirelessIntercom,
  cableTv: root => root.cableTv,
  changingTable: root => root.changingTable,
  childrensBooksAndToys: root => root.childrensBooksAndToys,
  childrensDinnerware: root => root.childrensDinnerware,
  crib: root => root.crib,
  doorman: root => root.doorman,
  dryer: root => root.dryer,
  elevator: root => root.elevator,
  essentials: root => root.essentials,
  familyKidFriendly: root => root.familyKidFriendly,
  freeParkingOnPremises: root => root.freeParkingOnPremises,
  freeParkingOnStreet: root => root.freeParkingOnStreet,
  gym: root => root.gym,
  hairDryer: root => root.hairDryer,
  hangers: root => root.hangers,
  heating: root => root.heating,
  hotTub: root => root.hotTub,
  id: root => root.id,
  indoorFireplace: root => root.indoorFireplace,
  internet: root => root.internet,
  iron: root => root.iron,
  kitchen: root => root.kitchen,
  laptopFriendlyWorkspace: root => root.laptopFriendlyWorkspace,
  paidParkingOffPremises: root => root.paidParkingOffPremises,
  petsAllowed: root => root.petsAllowed,
  pool: root => root.pool,
  privateEntrance: root => root.privateEntrance,
  shampoo: root => root.shampoo,
  smokingAllowed: root => root.smokingAllowed,
  suitableForEvents: root => root.suitableForEvents,
  tv: root => root.tv,
  washer: root => root.washer,
  wheelchairAccessible: root => root.wheelchairAccessible,
  wirelessInternet: root => root.wirelessInternet
};
",
    "force": false,
    "path": "Amenities.ts",
  },
  Object {
    "code": "import { IQuery } from \\"[TEMPLATE-INTERFACES-PATH]\\";
import { Types } from \\"./types\\";

export interface QueryRoot {}

export const Query: IQuery.Resolver<Types> = {
  topExperiences: root => {
    throw new Error(\\"Resolver not implemented\\");
  },
  topHomes: root => {
    throw new Error(\\"Resolver not implemented\\");
  },
  homesInPriceRange: (root, args) => {
    throw new Error(\\"Resolver not implemented\\");
  },
  topReservations: root => {
    throw new Error(\\"Resolver not implemented\\");
  },
  featuredDestinations: root => {
    throw new Error(\\"Resolver not implemented\\");
  },
  experiencesByCity: (root, args) => {
    throw new Error(\\"Resolver not implemented\\");
  },
  viewer: root => null,
  myLocation: root => null
};
",
    "force": false,
    "path": "Query.ts",
  },
  Object {
    "code": "import { IMutation } from \\"[TEMPLATE-INTERFACES-PATH]\\";
import { Types } from \\"./types\\";

export interface MutationRoot {}

export const Mutation: IMutation.Resolver<Types> = {
  signup: (root, args) => {
    throw new Error(\\"Resolver not implemented\\");
  },
  login: (root, args) => {
    throw new Error(\\"Resolver not implemented\\");
  },
  addPaymentMethod: (root, args) => {
    throw new Error(\\"Resolver not implemented\\");
  },
  book: (root, args) => {
    throw new Error(\\"Resolver not implemented\\");
  }
};
",
    "force": false,
    "path": "Mutation.ts",
  },
  Object {
    "code": "export interface Context {
  db: any;
  request: any;
}
",
    "force": false,
    "path": "Context.ts",
  },
  Object {
    "code": "import { ITypes } from \\"[TEMPLATE-INTERFACES-PATH]\\";

import { QueryRoot } from \\"./Query\\";
import { MutationRoot } from \\"./Mutation\\";
import { ViewerRoot } from \\"./Viewer\\";
import { AuthPayloadRoot } from \\"./AuthPayload\\";
import { MutationResultRoot } from \\"./MutationResult\\";
import { ExperiencesByCityRoot } from \\"./ExperiencesByCity\\";
import { HomeRoot } from \\"./Home\\";
import { ReservationRoot } from \\"./Reservation\\";
import { ExperienceRoot } from \\"./Experience\\";
import { ReviewRoot } from \\"./Review\\";
import { NeighbourhoodRoot } from \\"./Neighbourhood\\";
import { LocationRoot } from \\"./Location\\";
import { PictureRoot } from \\"./Picture\\";
import { CityRoot } from \\"./City\\";
import { ExperienceCategoryRoot } from \\"./ExperienceCategory\\";
import { UserRoot } from \\"./User\\";
import { PaymentAccountRoot } from \\"./PaymentAccount\\";
import { PlaceRoot } from \\"./Place\\";
import { BookingRoot } from \\"./Booking\\";
import { NotificationRoot } from \\"./Notification\\";
import { PaymentRoot } from \\"./Payment\\";
import { PaypalInformationRoot } from \\"./PaypalInformation\\";
import { CreditCardInformationRoot } from \\"./CreditCardInformation\\";
import { MessageRoot } from \\"./Message\\";
import { PricingRoot } from \\"./Pricing\\";
import { PlaceViewsRoot } from \\"./PlaceViews\\";
import { GuestRequirementsRoot } from \\"./GuestRequirements\\";
import { PoliciesRoot } from \\"./Policies\\";
import { HouseRulesRoot } from \\"./HouseRules\\";
import { AmenitiesRoot } from \\"./Amenities\\";

import { Context } from \\"./Context\\";

export interface Types extends ITypes {
  Context: Context;
  QueryRoot: QueryRoot;
  MutationRoot: MutationRoot;
  ViewerRoot: ViewerRoot;
  AuthPayloadRoot: AuthPayloadRoot;
  MutationResultRoot: MutationResultRoot;
  ExperiencesByCityRoot: ExperiencesByCityRoot;
  HomeRoot: HomeRoot;
  ReservationRoot: ReservationRoot;
  ExperienceRoot: ExperienceRoot;
  ReviewRoot: ReviewRoot;
  NeighbourhoodRoot: NeighbourhoodRoot;
  LocationRoot: LocationRoot;
  PictureRoot: PictureRoot;
  CityRoot: CityRoot;
  ExperienceCategoryRoot: ExperienceCategoryRoot;
  UserRoot: UserRoot;
  PaymentAccountRoot: PaymentAccountRoot;
  PlaceRoot: PlaceRoot;
  BookingRoot: BookingRoot;
  NotificationRoot: NotificationRoot;
  PaymentRoot: PaymentRoot;
  PaypalInformationRoot: PaypalInformationRoot;
  CreditCardInformationRoot: CreditCardInformationRoot;
  MessageRoot: MessageRoot;
  PricingRoot: PricingRoot;
  PlaceViewsRoot: PlaceViewsRoot;
  GuestRequirementsRoot: GuestRequirementsRoot;
  PoliciesRoot: PoliciesRoot;
  HouseRulesRoot: HouseRulesRoot;
  AmenitiesRoot: AmenitiesRoot;
}
",
    "force": true,
    "path": "types.ts",
  },
]
`;
